exports[`test renders correctly 1`] = `
<WrappedComponent
  col={null}
  style={null} />
`;
